src/controllers/parcelController.ts(138,11): error TS1005: 'try' expected.
src/controllers/parcelController.ts(142,6): error TS1472: 'catch' or 'finally' expected.
src/controllers/parcelController.ts(240,1): error TS1005: '}' expected.
